[MPI-TRACE] Rank 0 ENTERING phase 3000 (run_fom_for_rom enter)
[MPI-TRACE] Rank 0 EXITING phase 3000 (run_fom_for_rom enter)
[PHASE] 3000 run_fom_for_rom enter checksum=3000/3000
[INFO] [PHASE] 3000 run_fom_for_rom enter checksum=3000/3000
[PHASE] 3000 run_fom_for_rom enter checksum=3000/3000
[MPI-TRACE] Rank 0 ENTERING phase 3001 (run_fom_for_rom after mesh generation)
[MPI-TRACE] Rank 0 EXITING phase 3001 (run_fom_for_rom after mesh generation)
[PHASE] 3001 run_fom_for_rom after mesh generation checksum=3001/3001
[INFO] [PHASE] 3001 run_fom_for_rom after mesh generation checksum=3001/3001
[PHASE] 3001 run_fom_for_rom after mesh generation checksum=3001/3001
[MPI-TRACE] Rank 0 ENTERING phase 3002 (run_fom_for_rom before coupled solve)
[MPI-TRACE] Rank 0 EXITING phase 3002 (run_fom_for_rom before coupled solve)
[PHASE] 3002 run_fom_for_rom before coupled solve checksum=3002/3002
[INFO] [PHASE] 3002 run_fom_for_rom before coupled solve checksum=3002/3002
[PHASE] 3002 run_fom_for_rom before coupled solve checksum=3002/3002
🔴🔴🔴 FORCE-RUNNING FULL COUPLED MODEL - NO DIAGNOSIS 🔴🔴🔴
[MPI-TRACE] Rank 0 ENTERING phase 2000 (coupled enter)
[MPI-TRACE] Rank 0 EXITING phase 2000 (coupled enter)
[PHASE] 2000 coupled enter checksum=2000/2000
[INFO] [PHASE] 2000 coupled enter checksum=2000/2000
[PHASE] 2000 coupled enter checksum=2000/2000
[DEBUG] Sifter status: adaptive_mode_sifter=True (effective=True), shift_invert_target_hz=105.0, solve_evp=True
[INFO] Step 1/5: Loading mesh and physical tags...
Step 1/5: Loading mesh and physical tags...
[INFO] [mesh] loading via dolfinx.io.gmsh.model_to_mesh: /home/vboxuser/final-project/FEM/mesh/guitar_3d.msh
[mesh] loading via dolfinx.io.gmsh.model_to_mesh: /home/vboxuser/final-project/FEM/mesh/guitar_3d.msh
Info    : Reading '/home/vboxuser/final-project/FEM/mesh/guitar_3d.msh'...
Info    : 6837 nodes
Info    : 43849 elements
Info    : Done reading '/home/vboxuser/final-project/FEM/mesh/guitar_3d.msh'
[INFO] [mesh] gmsh file opened successfully on rank 0.
[mesh] gmsh file opened successfully on rank 0.
[MPI-TRACE] Rank 0 ENTERING phase 1100 (before model_to_mesh)
[MPI-TRACE] Rank 0 EXITING phase 1100 (before model_to_mesh)
[PHASE] 1100 before model_to_mesh checksum=1100/1100
[INFO] [PHASE] 1100 before model_to_mesh checksum=1100/1100
[PHASE] 1100 before model_to_mesh checksum=1100/1100
[MPI-TRACE] Rank 0 ENTERING phase 1101 (after model_to_mesh)
[MPI-TRACE] Rank 0 EXITING phase 1101 (after model_to_mesh)
[PHASE] 1101 after model_to_mesh checksum=1101/1101
[INFO] [PHASE] 1101 after model_to_mesh checksum=1101/1101
[PHASE] 1101 after model_to_mesh checksum=1101/1101
[MPI-TRACE] Rank 0 ENTERING phase 1102 (after connectivity sync)
[MPI-TRACE] Rank 0 EXITING phase 1102 (after connectivity sync)
[PHASE] 1102 after connectivity sync checksum=1102/1102
[INFO] [PHASE] 1102 after connectivity sync checksum=1102/1102
[PHASE] 1102 after connectivity sync checksum=1102/1102
[INFO] [diag] mesh loaded: num_air_cells=3386, num_wood_facets=5540
[diag] mesh loaded: num_air_cells=3386, num_wood_facets=5540
[INFO] [diag] unique volume tags=[1, 2, 3, 10], unique facet tags=[1, 2, 3]
[diag] unique volume tags=[1, 2, 3, 10], unique facet tags=[1, 2, 3]
[INFO] [diag] facet_tags map check: dim=2, n_local_facets=70715, tagged_facets=8050, in_local_range=8050, find1=1210, find2=2510, find3=4330, find4=0
[diag] facet_tags map check: dim=2, n_local_facets=70715, tagged_facets=8050, in_local_range=8050, find1=1210, find2=2510, find3=4330, find4=0
[INFO] [diag] volume tag counts: {1: 6699, 2: 6688, 3: 17448, 10: 3386}
[diag] volume tag counts: {1: 6699, 2: 6688, 3: 17448, 10: 3386}
[INFO] [diag] facet tag counts: {1: 1210, 2: 2510, 3: 4330, 10: 0}
[diag] facet tag counts: {1: 1210, 2: 2510, 3: 4330, 10: 0}
[DIAG] Mesh Bounds - X: -0.2054395602190208 to 0.2054395602190208
[DIAG] Mesh Bounds - Y: -0.246982070210935 to 0.246982070210935, Z: -0.08452525084329399 to 0.08452525084329399
[DIAG] Mesh Span (m): dx=0.410879, dy=0.493964, dz=0.169051
[DIAG][IFACE] volume nodes: wood_only=5795, air_only=158, shared=884
[DIAG][IFACE] boundary nodes: wood_surface=3984, air_inner=884, shared_boundary=884
[MPI-TRACE] Rank 0 ENTERING phase 2001 (coupled after mesh load)
[MPI-TRACE] Rank 0 EXITING phase 2001 (coupled after mesh load)
[PHASE] 2001 coupled after mesh load checksum=2001/2001
[INFO] [PHASE] 2001 coupled after mesh load checksum=2001/2001
[PHASE] 2001 coupled after mesh load checksum=2001/2001
[diag] structural_only_diagnosis: effective=False raw=False solve_evp=True → full coupled (mixed u,p)
[INFO] [diag] topology check: dim=3, num_cells_global=34221, cell_tags=True, facet_tags=True
[diag] topology check: dim=3, num_cells_global=34221, cell_tags=True, facet_tags=True
[INFO] Step 2/5: Building mixed spaces and weak forms...
Step 2/5: Building mixed spaces and weak forms...
DEBUG: Degree for u is 1 and for p is 1 (u_el.degree()/p_el.degree() unavailable)
DEBUG: mesh geometry nodes=6837, global u DOFs=27348, global p DOFs=27348, mixed W global=54696
[INFO] [form] mixed P1+P1: global u DOFs n_u=27348, p DOFs n_p=27348 (acoustic forms use dx on air cells only, tag=10).
[form] mixed P1+P1: global u DOFs n_u=27348, p DOFs n_p=27348 (acoustic forms use dx on air cells only, tag=10).
[INFO] [form] measures: dx(domain, subdomain_data=cell_tags) for air tag 10; ds(domain, subdomain_data=facet_tags) for wood shell tags (1, 3).
[form] measures: dx(domain, subdomain_data=cell_tags) for air tag 10; ds(domain, subdomain_data=facet_tags) for wood shell tags (1, 3).
[INFO] [diag] material sanity: E_eff=1.100000e+10 Pa, rho_eff=6.150000e+02 kg/m^3, rho_air=1.210000e+00 kg/m^3, thickness=3.000000e-03 m
[diag] material sanity: E_eff=1.100000e+10 Pa, rho_eff=6.150000e+02 kg/m^3, rho_air=1.210000e+00 kg/m^3, thickness=3.000000e-03 m
[INFO] [form] structural shell integration on tagged facets: tag1=1210, tag3=4330
[form] structural shell integration on tagged facets: tag1=1210, tag3=4330
[DIAG] Total wood mass (integral rho_eff*thickness over shell ds; Top_Plate+Body_Shell facet tags only): 1.600056e+00 kg
[DIAG] Total air mass (integral rho_air over air volume tag 10): 5.357405e-03 kg
[DIAG] Air mass / wood mass ratio: 3.348e-03
[INFO] [bc][diag] collapsed spaces ready. pressure BC dof count=1302 (gauge; full pressure FE unknowns=n_p_collapsed=6837), displacement BC u_dofs.shape=(2214,), soundhole_facets.shape=(2510,), fixed_facets.shape=(4330,)
[bc][diag] collapsed spaces ready. pressure BC dof count=1302 (gauge; full pressure FE unknowns=n_p_collapsed=6837), displacement BC u_dofs.shape=(2214,), soundhole_facets.shape=(2510,), fixed_facets.shape=(4330,)
[MPI-TRACE] Rank 0 ENTERING phase 2002 (coupled before matrix assembly)
[MPI-TRACE] Rank 0 EXITING phase 2002 (coupled before matrix assembly)
[PHASE] 2002 coupled before matrix assembly checksum=2002/2002
[INFO] [PHASE] 2002 coupled before matrix assembly checksum=2002/2002
[PHASE] 2002 coupled before matrix assembly checksum=2002/2002
[DEBUG] Rank 0: Entering Matrix Assembly
PRINT: ENTERING FULL COUPLED ACOUSTIC-STRUCTURAL SOLVE
[INFO] Step 3/5: Solving generalized EVP with SLEPc...
Step 3/5: Solving generalized EVP with SLEPc...
[DIAG] Final u_dofs=27348 p_dofs=27348 (Dirichlet BC active: u_bc=2214 p_bc=1302)
Starting solver with 27348 DOFs and proactive memory cleanup...
[INFO] [sifter] plate-specific sifter: quota=100, batch=50, tag1>0.0005 or tag3>0.0005 (energy / |phi^T M phi|), sweep 105–1000 Hz step 10 Hz.
[sifter] plate-specific sifter: quota=100, batch=50, tag1>0.0005 or tag3>0.0005 (energy / |phi^T M phi|), sweep 105–1000 Hz step 10 Hz.
[MPI-TRACE] Rank 0 ENTERING phase 2003 (coupled sifter before batch solve)
[MPI-TRACE] Rank 0 EXITING phase 2003 (coupled sifter before batch solve)
[PHASE] 2003 coupled sifter before batch solve checksum=2003/2003
[INFO] [PHASE] 2003 coupled sifter before batch solve checksum=2003/2003
[PHASE] 2003 coupled sifter before batch solve checksum=2003/2003
[DEBUG] Rank 0: Entering KSP Setup
[INFO] [solver] shift-invert batch center 105.00 Hz (lambda=4.352496e+05 s^-2), batch=50, KSP=preonly, PC=lu, factor=petsc (PETSc native LU; no MUMPS ICNTL), diag_shift=1.00e+03, A_diag_min=0.000000e+00, A_diag_max=1.645408e+08
[solver] shift-invert batch center 105.00 Hz (lambda=4.352496e+05 s^-2), batch=50, KSP=preonly, PC=lu, factor=petsc (PETSc native LU; no MUMPS ICNTL), diag_shift=1.00e+03, A_diag_min=0.000000e+00, A_diag_max=1.645408e+08
[DEBUG] Rank 0: A comm rank=0 size=1
[DEBUG] Rank 0: M comm rank=0 size=1
[DEBUG] Rank 0: EPS comm rank=0 size=1
[HEARTBEAT] Rank 0 reached EPS Solve
[DEBUG] Rank 0: Entering EPS Solve
Traceback (most recent call last):
  File "/home/vboxuser/final-project/FEM/rom/rom_manager.py", line 446, in collect_snapshots
    fom = fem_main_3d.run_fom_for_rom(cfg, num_modes=num_modes)
  File "/home/vboxuser/final-project/FEM/scripts/fem_main_3d.py", line 1764, in run_fom_for_rom
    msh, W, freqs, eigvecs, n_u, n_p = _solve_coupled_evp(
  File "/home/vboxuser/final-project/FEM/scripts/fem_main_3d.py", line 1595, in _solve_coupled_evp
    nconv, rows = _slepc_shift_invert_batch(
  File "/home/vboxuser/final-project/FEM/scripts/fem_main_3d.py", line 678, in _slepc_shift_invert_batch
    eps.solve()
  File "SLEPc/EPS.pyx", line 1142, in slepc4py.SLEPc.EPS.solve
petsc4py.PETSc.Error: error code 71
[0] EPSSolve() line 136 in ./src/eps/interface/epssolve.c
[0] EPSSetUp() line 350 in ./src/eps/interface/epssetup.c
[0] STSetUp() line 582 in ./src/sys/classes/st/interface/stsolve.c
[0] STSetUp_Sinvert() line 123 in ./src/sys/classes/st/impls/sinvert/sinvert.c
[0] KSPSetUp() line 406 in ./src/ksp/ksp/interface/itfunc.c
[0] PCSetUp() line 1017 in ./src/ksp/pc/interface/precon.c
[0] PCSetUp_LU() line 131 in ./src/ksp/pc/impls/factor/lu/lu.c
[0] MatLUFactorNumeric() line 3194 in ./src/mat/interface/matrix.c
[0] MatLUFactorNumeric_SeqAIJ_Inode() line 1806 in ./src/mat/impls/aij/seq/inode.c
[0] MatPivotCheck() line 829 in ./include/petsc/private/matimpl.h
[0] MatPivotCheck_none() line 812 in ./include/petsc/private/matimpl.h
[0] Zero pivot in LU factorization: https://petsc.org/release/faq/#zeropivot
[0] Zero pivot row 7 value 0. tolerance 2.22045e-14

{
  "shape": "classic",
  "dry_run": false,
  "retry_errors": false,
  "force_pool_rebuild": true,
  "pool_size": 500,
  "max_runs": 1,
  "snapshots_written": 0,
  "first_snapshot": null,
  "last_snapshot": null,
  "batch_summary": {
    "shape": "classic",
    "sampling": "lhs",
    "dry_run": false,
    "max_runs": 1,
    "processed_in_batch": 1,
    "completed_in_batch": 0,
    "error_in_batch": 1,
    "pool_counts": {
      "pending": 499,
      "running": 0,
      "completed": 0,
      "error": 1
    }
  },
  "lhs_pool": {
    "pool_file": "/home/vboxuser/final-project/ROM_DATA/classic/lhs_pool_classic.json",
    "total": 500,
    "counts": {
      "pending": 499,
      "running": 0,
      "completed": 0,
      "error": 1
    }
  }
}
